C:/TouchGFXProjects/TicTacToe/Drivers/BSP/STM32H750B-DK/stm32h750b_discovery_qspi.c:182:9:BSP_QSPI_DeInit	32	static
C:/TouchGFXProjects/TicTacToe/Drivers/BSP/STM32H750B-DK/stm32h750b_discovery_qspi.c:231:26:MX_QSPI_Init	4	static
C:/TouchGFXProjects/TicTacToe/Drivers/BSP/STM32H750B-DK/stm32h750b_discovery_qspi.c:97:9:BSP_QSPI_Init	176	static,ignoring_inline_asm
C:/TouchGFXProjects/TicTacToe/Drivers/BSP/STM32H750B-DK/stm32h750b_discovery_qspi.c:329:9:BSP_QSPI_Read	16	static
C:/TouchGFXProjects/TicTacToe/Drivers/BSP/STM32H750B-DK/stm32h750b_discovery_qspi.c:368:9:BSP_QSPI_Write	40	static
C:/TouchGFXProjects/TicTacToe/Drivers/BSP/STM32H750B-DK/stm32h750b_discovery_qspi.c:437:9:BSP_QSPI_EraseBlock	16	static
C:/TouchGFXProjects/TicTacToe/Drivers/BSP/STM32H750B-DK/stm32h750b_discovery_qspi.c:476:9:BSP_QSPI_EraseChip	8	static
C:/TouchGFXProjects/TicTacToe/Drivers/BSP/STM32H750B-DK/stm32h750b_discovery_qspi.c:516:9:BSP_QSPI_GetStatus	16	static
C:/TouchGFXProjects/TicTacToe/Drivers/BSP/STM32H750B-DK/stm32h750b_discovery_qspi.c:552:9:BSP_QSPI_GetInfo	8	static
C:/TouchGFXProjects/TicTacToe/Drivers/BSP/STM32H750B-DK/stm32h750b_discovery_qspi.c:576:9:BSP_QSPI_EnableMemoryMappedMode	8	static
C:/TouchGFXProjects/TicTacToe/Drivers/BSP/STM32H750B-DK/stm32h750b_discovery_qspi.c:621:9:BSP_QSPI_DisableMemoryMappedMode	32	static
C:/TouchGFXProjects/TicTacToe/Drivers/BSP/STM32H750B-DK/stm32h750b_discovery_qspi.c:672:9:BSP_QSPI_ReadID	8	static
C:/TouchGFXProjects/TicTacToe/Drivers/BSP/STM32H750B-DK/stm32h750b_discovery_qspi.c:702:9:BSP_QSPI_ConfigFlash	24	static
