../../TouchGFX/gui/include/gui/game_screen/gamePresenter.hpp:28:13:gamePresenter::~gamePresenter()	0	static
C:/TouchGFXProjects/TicTacToe/TouchGFX/gui/src/game_screen/gamePresenter.cpp:10:6:virtual void gamePresenter::activate()	0	static
../../TouchGFX/gui/include/gui/game_screen/gamePresenter.hpp:28:13:virtual gamePresenter::~gamePresenter()	8	static
../../TouchGFX/gui/include/gui/game_screen/gamePresenter.hpp:28:13:virtual void* gamePresenter::_ZThn4_N13gamePresenterD1Ev()	0	static
../../TouchGFX/gui/include/gui/game_screen/gamePresenter.hpp:28:13:virtual void* gamePresenter::_ZThn4_N13gamePresenterD0Ev()	8	static
C:/TouchGFXProjects/TicTacToe/TouchGFX/gui/src/game_screen/gamePresenter.cpp:4:1:gamePresenter::gamePresenter(gameView&)	4	static
