../../Middlewares/ST/touchgfx/framework/include/touchgfx/Screen.hpp:104:18:virtual void touchgfx::Screen::afterTransition()	0	static
../../Middlewares/ST/touchgfx/framework/include/touchgfx/Screen.hpp:144:18:virtual void touchgfx::Screen::handleTickEvent()	0	static
../../Middlewares/ST/touchgfx/framework/include/touchgfx/Screen.hpp:154:18:virtual void touchgfx::Screen::handleKeyEvent(uint8_t)	0	static
C:/TouchGFXProjects/TicTacToe/TouchGFX/gui/src/game_screen/gameView.cpp:13:6:virtual void gameView::tearDownScreen()	0	static
../../TouchGFX/gui/include/gui/game_screen/gameView.hpp:11:13:gameView::~gameView()	8	static
../../TouchGFX/gui/include/gui/game_screen/gameView.hpp:11:13:virtual gameView::~gameView()	8	static
C:/TouchGFXProjects/TicTacToe/TouchGFX/gui/src/game_screen/gameView.cpp:3:1:gameView::gameView()	8	static
C:/TouchGFXProjects/TicTacToe/TouchGFX/gui/src/game_screen/gameView.cpp:8:6:virtual void gameView::setupScreen()	0	static
