../../TouchGFX/target/STM32TouchController.hpp:36:7:STM32TouchController::~STM32TouchController()	0	static
C:/TouchGFXProjects/TicTacToe/TouchGFX/target/STM32TouchController.cpp:26:6:virtual void STM32TouchController::init()	24	static
C:/TouchGFXProjects/TicTacToe/TouchGFX/target/STM32TouchController.cpp:40:6:virtual bool STM32TouchController::sampleTouch(int32_t&, int32_t&)	32	static
../../TouchGFX/target/STM32TouchController.hpp:36:7:virtual STM32TouchController::~STM32TouchController()	8	static
