../../TouchGFX/target/generated/HardwareMJPEGDecoder.hpp:62:22:virtual uint32_t HardwareMJPEGDecoder::getCurrentFrameNumber() const	0	static
../../TouchGFX/target/generated/HardwareMJPEGDecoder.hpp:75:23:virtual MJPEGDecoder::AVIErrors HardwareMJPEGDecoder::getLastError()	0	static
C:/TouchGFXProjects/TicTacToe/TouchGFX/target/generated/HardwareMJPEGDecoder.cpp:299:6:virtual bool HardwareMJPEGDecoder::hasVideo()	0	static
C:/TouchGFXProjects/TicTacToe/TouchGFX/target/generated/HardwareMJPEGDecoder.cpp:524:10:virtual uint32_t HardwareMJPEGDecoder::getNumberOfFrames()	0	static
C:/TouchGFXProjects/TicTacToe/TouchGFX/target/generated/HardwareMJPEGDecoder.cpp:529:6:virtual void HardwareMJPEGDecoder::setRepeatVideo(bool)	0	static
C:/TouchGFXProjects/TicTacToe/TouchGFX/target/generated/HardwareMJPEGDecoder.cpp:534:6:virtual void HardwareMJPEGDecoder::getVideoInfo(touchgfx::VideoInformation*)	0	static
../../TouchGFX/target/generated/HardwareMJPEGDecoder.hpp:45:7:HardwareMJPEGDecoder::~HardwareMJPEGDecoder()	0	static
C:/TouchGFXProjects/TicTacToe/TouchGFX/target/generated/HardwareMJPEGDecoder.cpp:498:6:virtual bool HardwareMJPEGDecoder::decodeThumbnail(uint32_t, uint8_t*, uint16_t, uint16_t)	8	static
../../TouchGFX/target/generated/HardwareMJPEGDecoder.hpp:45:7:virtual HardwareMJPEGDecoder::~HardwareMJPEGDecoder()	8	static
C:/TouchGFXProjects/TicTacToe/TouchGFX/target/generated/HardwareMJPEGDecoder.cpp:504:6:virtual void HardwareMJPEGDecoder::gotoFrame(uint32_t)	24	static
C:/TouchGFXProjects/TicTacToe/TouchGFX/target/generated/HardwareMJPEGDecoder.cpp:244:6:virtual bool HardwareMJPEGDecoder::gotoNextFrame()	32	static
C:/TouchGFXProjects/TicTacToe/TouchGFX/target/generated/HardwareMJPEGDecoder.cpp:102:1:HardwareMJPEGDecoder::HardwareMJPEGDecoder()	8	static
C:/TouchGFXProjects/TicTacToe/TouchGFX/target/generated/HardwareMJPEGDecoder.cpp:116:5:int HardwareMJPEGDecoder::compare(uint32_t, const char*, uint32_t)	0	static
C:/TouchGFXProjects/TicTacToe/TouchGFX/target/generated/HardwareMJPEGDecoder.cpp:169:16:const uint8_t* HardwareMJPEGDecoder::readData(uint32_t, uint32_t)	16	static
C:/TouchGFXProjects/TicTacToe/TouchGFX/target/generated/HardwareMJPEGDecoder.cpp:304:6:void HardwareMJPEGDecoder::readVideoHeader()	40	static
C:/TouchGFXProjects/TicTacToe/TouchGFX/target/generated/HardwareMJPEGDecoder.cpp:281:6:virtual void HardwareMJPEGDecoder::setVideoData(const uint8_t*, uint32_t)	4	static
C:/TouchGFXProjects/TicTacToe/TouchGFX/target/generated/HardwareMJPEGDecoder.cpp:290:6:virtual void HardwareMJPEGDecoder::setVideoData(touchgfx::VideoDataReader&)	8	static
C:/TouchGFXProjects/TicTacToe/TouchGFX/target/generated/HardwareMJPEGDecoder.cpp:551:14:uint32_t JPEG_Decode_DMA(JPEG_HandleTypeDef*, uint8_t*, uint32_t, uint8_t*)	32	static
C:/TouchGFXProjects/TicTacToe/TouchGFX/target/generated/HardwareMJPEGDecoder.cpp:406:6:void HardwareMJPEGDecoder::decodeMJPEGFrame(const uint8_t*, uint32_t, uint8_t*, uint16_t, uint16_t, uint32_t)	32	static
C:/TouchGFXProjects/TicTacToe/TouchGFX/target/generated/HardwareMJPEGDecoder.cpp:406:6:void HardwareMJPEGDecoder::decodeMJPEGFrame(const uint8_t*, uint32_t, uint8_t*, uint16_t, uint16_t, uint32_t)	4	static
C:/TouchGFXProjects/TicTacToe/TouchGFX/target/generated/HardwareMJPEGDecoder.cpp:192:6:virtual bool HardwareMJPEGDecoder::decodeNextFrame(uint8_t*, uint16_t, uint16_t, uint32_t)	24	static
C:/TouchGFXProjects/TicTacToe/TouchGFX/target/generated/HardwareMJPEGDecoder.cpp:445:6:virtual bool HardwareMJPEGDecoder::decodeFrame(const touchgfx::Rect&, uint8_t*, uint32_t)	32	static
C:/TouchGFXProjects/TicTacToe/TouchGFX/target/generated/HardwareMJPEGDecoder.cpp:593:10:void HAL_JPEG_InfoReadyCallback(JPEG_HandleTypeDef*, JPEG_ConfTypeDef*)	0	static
C:/TouchGFXProjects/TicTacToe/TouchGFX/target/generated/HardwareMJPEGDecoder.cpp:649:10:void HAL_JPEG_GetDataCallback(JPEG_HandleTypeDef*, uint32_t)	4	static
C:/TouchGFXProjects/TicTacToe/TouchGFX/target/generated/HardwareMJPEGDecoder.cpp:668:10:void HAL_JPEG_DataReadyCallback(JPEG_HandleTypeDef*, uint8_t*, uint32_t)	24	static
C:/TouchGFXProjects/TicTacToe/TouchGFX/target/generated/HardwareMJPEGDecoder.cpp:735:10:void HAL_JPEG_ErrorCallback(JPEG_HandleTypeDef*)	0	static,ignoring_inline_asm
C:/TouchGFXProjects/TicTacToe/TouchGFX/target/generated/HardwareMJPEGDecoder.cpp:748:10:void HAL_JPEG_DecodeCpltCallback(JPEG_HandleTypeDef*)	0	static
C:/TouchGFXProjects/TicTacToe/TouchGFX/target/generated/HardwareMJPEGDecoder.cpp:759:10:uint32_t JPEG_OutputHandler(JPEG_HandleTypeDef*)	16	static
C:/TouchGFXProjects/TicTacToe/TouchGFX/target/generated/HardwareMJPEGDecoder.cpp:793:6:void DMA2D_CopyBuffer(JPEG_Data_BufferTypeDef&)	20	static
C:/TouchGFXProjects/TicTacToe/TouchGFX/target/generated/HardwareMJPEGDecoder.cpp:841:6:void DMA2D_CropBuffer(JPEG_Data_BufferTypeDef&)	64	static
C:/TouchGFXProjects/TicTacToe/TouchGFX/target/generated/HardwareMJPEGDecoder.cpp:905:6:void DMA2D_ExternalJobCompleted(JPEG_Data_BufferTypeDef&)	0	static
