../../Middlewares/ST/touchgfx/framework/include/touchgfx/hal/DMA.hpp:138:18:virtual void touchgfx::DMA_Interface::flush()	0	static
../../TouchGFX/target/generated/STM32DMA.hpp:97:31:virtual touchgfx::DMAType STM32DMA::getDMAType()	0	static
C:/TouchGFXProjects/TicTacToe/TouchGFX/target/generated/STM32DMA.cpp:54:1:STM32DMA::~STM32DMA()	0	static,ignoring_inline_asm
C:/TouchGFXProjects/TicTacToe/TouchGFX/target/generated/STM32DMA.cpp:60:6:virtual void STM32DMA::initialize()	8	static,ignoring_inline_asm
C:/TouchGFXProjects/TicTacToe/TouchGFX/target/generated/STM32DMA.cpp:142:16:virtual touchgfx::BlitOperations STM32DMA::getBlitCaps()	0	static
C:/TouchGFXProjects/TicTacToe/TouchGFX/target/generated/STM32DMA.cpp:54:1:virtual STM32DMA::~STM32DMA()	8	static,ignoring_inline_asm
../../TouchGFX/target/generated/STM32DMA.hpp:133:18:virtual void STM32DMA::signalDMAInterrupt()	8	static
C:/TouchGFXProjects/TicTacToe/TouchGFX/target/generated/STM32DMA.cpp:334:6:virtual void STM32DMA::setupDataFill(const touchgfx::BlitOp&)	16	static
C:/TouchGFXProjects/TicTacToe/TouchGFX/target/generated/STM32DMA.cpp:165:6:virtual void STM32DMA::setupDataCopy(const touchgfx::BlitOp&)	24	static
../../TouchGFX/target/generated/STM32DMA.hpp:159:18:virtual void STM32DMA::start()	8	static
C:/TouchGFXProjects/TicTacToe/TouchGFX/target/generated/STM32DMA.cpp:41:17:void DMA2D_XferCpltCallback(DMA2D_HandleTypeDef*)	8	static
C:/TouchGFXProjects/TicTacToe/TouchGFX/target/generated/STM32DMA.cpp:48:1:STM32DMA::STM32DMA()	16	static
C:/TouchGFXProjects/TicTacToe/TouchGFX/target/generated/STM32DMA.cpp:402:6:void touchgfx::paint::setL8Palette(const uint8_t*)	0	static
C:/TouchGFXProjects/TicTacToe/TouchGFX/target/generated/STM32DMA.cpp:413:6:void touchgfx::paint::tearDown()	0	static
C:/TouchGFXProjects/TicTacToe/TouchGFX/target/generated/STM32DMA.cpp:430:6:void touchgfx::paint::rgb565::lineFromColor(uint16_t*, unsigned int, uint32_t, uint8_t, uint32_t)	8	static
C:/TouchGFXProjects/TicTacToe/TouchGFX/target/generated/STM32DMA.cpp:480:6:void touchgfx::paint::rgb565::lineFromRGB565(uint16_t*, const uint16_t*, unsigned int, uint8_t)	8	static
C:/TouchGFXProjects/TicTacToe/TouchGFX/target/generated/STM32DMA.cpp:524:6:void touchgfx::paint::rgb565::lineFromARGB8888(uint16_t*, const uint32_t*, unsigned int, uint8_t)	12	static
C:/TouchGFXProjects/TicTacToe/TouchGFX/target/generated/STM32DMA.cpp:557:6:void touchgfx::paint::rgb565::lineFromL8RGB888(uint16_t*, const uint8_t*, unsigned int, uint8_t)	12	static
C:/TouchGFXProjects/TicTacToe/TouchGFX/target/generated/STM32DMA.cpp:622:6:void touchgfx::paint::rgb565::lineFromL8ARGB8888(uint16_t*, const uint8_t*, unsigned int, uint8_t)	8	static
